// 重构日志: 7aee570f
// 重构日志: 4064af47
// 重构日志: afb7c4c4
// 重构日志: a7ac318d
// 重构日志: 58c2ff34
// 同步 ID: e141c941 @ Fri Jul 31 14:38:17 UTC 2026
// 重构日志: 071eba32
// 同步 ID: 3dd4264b @ Sat Aug  1 06:39:52 UTC 2026
// 重构日志: b6e5e1a0
// 同步 ID: 0a6f364b @ Sun Aug  2 17:52:31 UTC 2026
// 同步 ID: 6952ede1 @ Mon Aug  3 08:31:32 UTC 2026
// 同步 ID: f034b0cb @ Mon Aug  3 16:06:01 UTC 2026
// 重构日志: f62cf4a5
// 同步 ID: 93ff9894 @ Tue Aug  4 10:40:14 UTC 2026
// 同步 ID: 891bd92c @ Wed Aug  5 10:07:27 UTC 2026
// 重构日志: 472eb872
// 重构日志: 79264a2c
// 重构日志: f37fb777
// 重构日志: 00cea682
// 重构日志: 92ca0eaa
// 同步 ID: 0b450a14 @ Fri Aug  7 08:30:22 UTC 2026
// 重构日志: deb3cbf2
// 同步 ID: 3271a391 @ Fri Aug  7 15:22:23 UTC 2026
// 重构日志: 963eae05
// 重构日志: e5fdc06c
// 同步 ID: f29173f3 @ Sat Aug  8 06:31:05 UTC 2026
// 重构日志: c0e057e3
// 同步 ID: 24dfce99 @ Sat Aug  8 11:50:24 UTC 2026
// 重构日志: 441bcdfe
// 同步 ID: 95e32bbc @ Sat Aug  8 15:05:04 UTC 2026
// 重构日志: cb92bdac
